2026-09-13T13:42:09.407+05:30  INFO 10400 --- [apiGateway] [main] c.g.apiGateway.ApiGatewayApplication     : Starting ApiGatewayApplication using Java 17.0.12 with PID 10400 (E:\java Course\microservices\springboot-microservices\projectPractice\apiGateway\target\classes started by mano in E:\java Course\microservices\springboot-microservices\projectPractice\apiGateway)
2026-09-13T13:42:09.410+05:30  INFO 10400 --- [apiGateway] [main] c.g.apiGateway.ApiGatewayApplication     : No active profile set, falling back to 1 default profile: "default"
2026-09-13T13:42:10.182+05:30  INFO 10400 --- [apiGateway] [main] o.s.cloud.context.scope.GenericScope     : BeanFactory id=3eae734d-f41c-3b42-b8f6-2889608a2dc6
2026-09-13T13:42:10.432+05:30  INFO 10400 --- [apiGateway] [main] o.s.boot.tomcat.TomcatWebServer          : Tomcat initialized with port 8081 (http)
2026-09-13T13:42:10.442+05:30  INFO 10400 --- [apiGateway] [main] o.apache.catalina.core.StandardService   : Starting service [Tomcat]
2026-09-13T13:42:10.442+05:30  INFO 10400 --- [apiGateway] [main] o.apache.catalina.core.StandardEngine    : Starting Servlet engine: [Apache Tomcat/11.0.24]
2026-09-13T13:42:10.497+05:30  INFO 10400 --- [apiGateway] [main] b.w.c.s.WebApplicationContextInitializer : Root WebApplicationContext: initialization completed in 1046 ms
2026-09-13T13:42:11.304+05:30  INFO 10400 --- [apiGateway] [main] DiscoveryClientOptionalArgsConfiguration : Eureka HTTP Client uses RestClient.
2026-09-13T13:42:11.458+05:30  WARN 10400 --- [apiGateway] [main] iguration$LoadBalancerCaffeineWarnLogger : Spring Cloud LoadBalancer is currently working with the default cache. While this cache implementation is useful for development and tests, it's recommended to use Caffeine cache in production.You can switch to using Caffeine cache, by adding it and org.springframework.cache.caffeine.CaffeineCacheManager to the classpath.
2026-09-13T13:42:11.463+05:30  INFO 10400 --- [apiGateway] [main] o.s.b.a.e.web.EndpointLinksResolver      : Exposing 1 endpoint beneath base path '/actuator'
2026-09-13T13:42:11.500+05:30  INFO 10400 --- [apiGateway] [main] o.s.c.n.eureka.InstanceInfoFactory       : Setting initial instance status as: STARTING
2026-09-13T13:42:11.516+05:30  INFO 10400 --- [apiGateway] [main] com.netflix.discovery.DiscoveryClient    : Initializing Eureka in region us-east-1
2026-09-13T13:42:11.520+05:30  INFO 10400 --- [apiGateway] [main] c.n.d.s.r.aws.ConfigClusterResolver      : Resolving eureka endpoints via configuration
2026-09-13T13:42:11.528+05:30  INFO 10400 --- [apiGateway] [main] com.netflix.discovery.DiscoveryClient    : Disable delta property : false
2026-09-13T13:42:11.528+05:30  INFO 10400 --- [apiGateway] [main] com.netflix.discovery.DiscoveryClient    : Single vip registry refresh property : null
2026-09-13T13:42:11.528+05:30  INFO 10400 --- [apiGateway] [main] com.netflix.discovery.DiscoveryClient    : Force full registry fetch : false
2026-09-13T13:42:11.528+05:30  INFO 10400 --- [apiGateway] [main] com.netflix.discovery.DiscoveryClient    : Application is null : false
2026-09-13T13:42:11.528+05:30  INFO 10400 --- [apiGateway] [main] com.netflix.discovery.DiscoveryClient    : Registered Applications size is zero : true
2026-09-13T13:42:11.528+05:30  INFO 10400 --- [apiGateway] [main] com.netflix.discovery.DiscoveryClient    : Application version is -1: true
2026-09-13T13:42:11.528+05:30  INFO 10400 --- [apiGateway] [main] com.netflix.discovery.DiscoveryClient    : Getting all instance registry info from the eureka server
2026-09-13T13:42:11.720+05:30  INFO 10400 --- [apiGateway] [main] com.netflix.discovery.DiscoveryClient    : The response status is 200
2026-09-13T13:42:11.722+05:30  INFO 10400 --- [apiGateway] [main] com.netflix.discovery.DiscoveryClient    : Starting heartbeat executor: renew interval is: 30
2026-09-13T13:42:11.723+05:30  INFO 10400 --- [apiGateway] [main] c.n.discovery.InstanceInfoReplicator     : InstanceInfoReplicator onDemand update allowed rate per min is 4
2026-09-13T13:42:11.724+05:30  INFO 10400 --- [apiGateway] [main] com.netflix.discovery.DiscoveryClient    : Discovery Client initialized at timestamp 1789287131724 with initial instances count: 2
2026-09-13T13:42:11.727+05:30  INFO 10400 --- [apiGateway] [main] o.s.c.n.e.s.EurekaServiceRegistry        : Registering application APIGATEWAY with eureka with status UP
2026-09-13T13:42:11.727+05:30  INFO 10400 --- [apiGateway] [main] com.netflix.discovery.DiscoveryClient    : Saw local status change event StatusChangeEvent [timestamp=1789287131727, current=UP, previous=STARTING]
2026-09-13T13:42:11.728+05:30  INFO 10400 --- [apiGateway] [DiscoveryClient-InstanceInfoReplicator-%d] com.netflix.discovery.DiscoveryClient    : DiscoveryClient_APIGATEWAY/DESKTOP-NBPGFMC:apiGateway:8081: registering service...
2026-09-13T13:42:11.746+05:30  INFO 10400 --- [apiGateway] [main] o.s.boot.tomcat.TomcatWebServer          : Tomcat started on port 8081 (http) with context path '/'
2026-09-13T13:42:11.747+05:30  INFO 10400 --- [apiGateway] [main] .s.c.n.e.s.EurekaAutoServiceRegistration : Updating port to 8081
2026-09-13T13:42:11.759+05:30  INFO 10400 --- [apiGateway] [DiscoveryClient-InstanceInfoReplicator-%d] com.netflix.discovery.DiscoveryClient    : DiscoveryClient_APIGATEWAY/DESKTOP-NBPGFMC:apiGateway:8081 - registration status: 204
2026-09-13T13:42:11.831+05:30  INFO 10400 --- [apiGateway] [main] c.g.apiGateway.ApiGatewayApplication     : Started ApiGatewayApplication in 2.891 seconds (process running for 3.352)
2026-09-13T13:42:16.482+05:30  INFO 10400 --- [apiGateway] [http-nio-8081-exec-2] o.a.c.c.C.[Tomcat].[localhost].[/]       : Initializing Spring DispatcherServlet 'dispatcherServlet'
2026-09-13T13:42:16.482+05:30  INFO 10400 --- [apiGateway] [http-nio-8081-exec-2] o.s.web.servlet.DispatcherServlet        : Initializing Servlet 'dispatcherServlet'
2026-09-13T13:42:16.484+05:30  INFO 10400 --- [apiGateway] [http-nio-8081-exec-2] o.s.web.servlet.DispatcherServlet        : Completed initialization in 2 ms
2026-09-13T13:44:39.726+05:30  WARN 10400 --- [apiGateway] [http-nio-8081-exec-7] o.a.c.w.AbstractFileResourceSet          : Resource for web application [] at path [/actuator/gateway/routes.] was not loaded as the canonical path [/actuator/gateway/routes] did not match. Use of symlinks is one possible cause.
2026-09-13T13:46:29.379+05:30  INFO 10400 --- [apiGateway] [SpringApplicationShutdownHook] o.s.c.n.e.s.EurekaServiceRegistry        : Unregistering application APIGATEWAY with eureka with status DOWN
2026-09-13T13:46:29.379+05:30  INFO 10400 --- [apiGateway] [SpringApplicationShutdownHook] com.netflix.discovery.DiscoveryClient    : Saw local status change event StatusChangeEvent [timestamp=1789287389379, current=DOWN, previous=UP]
2026-09-13T13:46:29.380+05:30  INFO 10400 --- [apiGateway] [DiscoveryClient-InstanceInfoReplicator-%d] com.netflix.discovery.DiscoveryClient    : DiscoveryClient_APIGATEWAY/DESKTOP-NBPGFMC:apiGateway:8081: registering service...
2026-09-13T13:46:29.382+05:30  INFO 10400 --- [apiGateway] [SpringApplicationShutdownHook] o.s.boot.tomcat.GracefulShutdown         : Commencing graceful shutdown. Waiting for active requests to complete
2026-09-13T13:46:29.395+05:30  INFO 10400 --- [apiGateway] [DiscoveryClient-InstanceInfoReplicator-%d] com.netflix.discovery.DiscoveryClient    : DiscoveryClient_APIGATEWAY/DESKTOP-NBPGFMC:apiGateway:8081 - registration status: 204
2026-09-13T13:46:29.441+05:30  INFO 10400 --- [apiGateway] [tomcat-shutdown] o.s.boot.tomcat.GracefulShutdown         : Graceful shutdown complete
2026-09-13T13:46:29.446+05:30  INFO 10400 --- [apiGateway] [SpringApplicationShutdownHook] com.netflix.discovery.DiscoveryClient    : Shutting down DiscoveryClient ...
2026-09-13T13:46:32.459+05:30  INFO 10400 --- [apiGateway] [SpringApplicationShutdownHook] com.netflix.discovery.DiscoveryClient    : Unregistering ...
2026-09-13T13:46:32.477+05:30  INFO 10400 --- [apiGateway] [SpringApplicationShutdownHook] com.netflix.discovery.DiscoveryClient    : DiscoveryClient_APIGATEWAY/DESKTOP-NBPGFMC:apiGateway:8081 - deregister  status: 200
2026-09-13T13:46:32.477+05:30  INFO 10400 --- [apiGateway] [SpringApplicationShutdownHook] com.netflix.discovery.DiscoveryClient    : Completed shut down of DiscoveryClient
